======================================================================
HAD-MC 2.0 Complete Experiment Suite
======================================================================
Device: cuda
GPU: K500SM_AI
CUDA: None
Memory: 68.7 GB
PyTorch: 2.9.0
Platform Tag: dcu

======================================================================
SUPPLEMENTARY EXPERIMENT 2: Compression vs Deployment Decomposition
======================================================================

[Dataset] Creating NEU-DET style dataset: 300×6 samples, 64×64
  Train: torch.Size([1440, 3, 64, 64]), Test: torch.Size([360, 3, 64, 64])
  Classes: [0, 1, 2, 3, 4, 5]

======================================================================
SUPPLEMENTARY EXPERIMENT 3: Whole-Model LUT Validation
======================================================================

[Dataset] Creating NEU-DET style dataset: 300×6 samples, 64×64
  Train: torch.Size([1440, 3, 64, 64]), Test: torch.Size([360, 3, 64, 64])
  Classes: [0, 1, 2, 3, 4, 5]

Re-run complete. Combined results written to: /root/HAD-MC-worktree/r3_revision/results/tpds_full_dcu_detached2/TPDS_SUPPLEMENTARY_RESULTS.json
